---
http_interactions:
- request:
    method: get
    uri: https://app.cloud66.com/api/3/stacks/3b4f442463ed48e92d94b0783f689f81/service_yaml.json
    body:
      encoding: US-ASCII
      string: ''
    headers:
      Content-Type:
      - application/json
      Authorization:
      - Bearer 1aa85d2961e6cdddb6cce55e41cf7a3d78e8080ac585ee130f9ac3bf5d44cdd7
  response:
    status:
      code: 200
      message: OK
    headers:
      Access-Control-Allow-Credentials:
      - 'true'
      Access-Control-Allow-Headers:
      - DNT,X-Mx-ReqToken,Keep-Alive,User-Agent,X-Requested-With,If-Modified-Since,Cache-Control,Content-Type
      Access-Control-Allow-Methods:
      - GET
      Access-Control-Allow-Origin:
      - "*"
      Cache-Control:
      - max-age=0, private, must-revalidate
      Content-Type:
      - application/json; charset=utf-8
      Date:
      - Fri, 17 Jun 2016 11:58:04 GMT
      Etag:
      - '"74b0f175d62a4b57115e194f3de50283"'
      Server:
      - nginx
      Status:
      - 200 OK
      X-Content-Type-Options:
      - nosniff
      X-Frame-Options:
      - SAMEORIGIN
      X-Ratelimit-Limit:
      - '3600'
      X-Ratelimit-Remaining:
      - '3589'
      X-Request-Id:
      - ad82623c-e31d-4e85-9f90-a3716bb8daf2
      X-Runtime:
      - '0.232521'
      X-Xss-Protection:
      - 1; mode=block
      Content-Length:
      - '5834'
      Connection:
      - keep-alive
    body:
      encoding: UTF-8
      string: '{"response":[{"uid":"7336dffa97ab40c00f156189bd4e206c","comments":"Initial
        Commit","changed_by":"tech@nuwe.co","created_at_iso":"2016-02-03T14:54:46Z","updated_at_iso":"2016-02-03T14:54:46Z"},{"uid":"8f9b7863212bdfa0190123f96ff00b9f","comments":"Adds
        parse service 143 to run on port 1338","changed_by":"tech@nuwe.co","created_at_iso":"2016-02-08T13:06:03Z","updated_at_iso":"2016-02-08T13:06:03Z"},{"uid":"d1b42b35902cb5187aa7e757c36632e9","comments":"port
        setup","changed_by":"tech@nuwe.co","created_at_iso":"2016-02-08T13:50:05Z","updated_at_iso":"2016-02-08T13:50:05Z"},{"uid":"9d0dfe173e75787848179bb4bc2dad33","comments":"Port
        numbers","changed_by":"tech@nuwe.co","created_at_iso":"2016-02-08T14:12:52Z","updated_at_iso":"2016-02-08T14:12:52Z"},{"uid":"907cd4802afc13b79dbf73e9387f6db6","comments":"Using
        ''advanced port'' settings","changed_by":"tech@nuwe.co","created_at_iso":"2016-02-10T09:19:14Z","updated_at_iso":"2016-02-10T09:19:14Z"},{"uid":"2c4f6e386d28619533a8280969b16df5","comments":"Changing
        to http ","changed_by":"tech@nuwe.co","created_at_iso":"2016-02-10T09:29:49Z","updated_at_iso":"2016-02-10T09:29:49Z"},{"uid":"d1328a7aec4a316f99bd52ef23b5b47e","comments":"Different
        ports","changed_by":"tech@nuwe.co","created_at_iso":"2016-02-10T09:36:52Z","updated_at_iso":"2016-02-10T09:36:52Z"},{"uid":"47bf10e1502c3dbfb9f2f6ee11bdbbe7","comments":"switch
        ports on container","changed_by":"tech@nuwe.co","created_at_iso":"2016-02-10T09:52:42Z","updated_at_iso":"2016-02-10T09:52:42Z"},{"uid":"b59cff6e9451b517dd9b2c7099aca0e0","comments":"api
        on web","changed_by":"tech@nuwe.co","created_at_iso":"2016-02-10T10:14:14Z","updated_at_iso":"2016-02-10T10:14:14Z"},{"uid":"678f18474b34949777f94632cc024bd2","comments":"unregistered
        port","changed_by":"tech@nuwe.co","created_at_iso":"2016-02-10T10:33:13Z","updated_at_iso":"2016-02-10T10:33:13Z"},{"uid":"8ffdead93165c7a37adee53cab916099","comments":"Add
        new service","changed_by":"tech@nuwe.co","created_at_iso":"2016-02-10T10:38:44Z","updated_at_iso":"2016-02-10T10:38:44Z"},{"uid":"74a0de514f5b653a137c9e0005831b83","comments":"Adjust
        MongDB urls","changed_by":"tech@nuwe.co","created_at_iso":"2016-02-10T13:23:55Z","updated_at_iso":"2016-02-10T13:23:55Z"},{"uid":"0e8ad7787194b0a15c0bdc21162d48ac","comments":"Add
        external Mongo links","changed_by":"tech@nuwe.co","created_at_iso":"2016-02-10T13:51:11Z","updated_at_iso":"2016-02-10T13:51:11Z"},{"uid":"3ed097c285af0dc841432074f1b81015","comments":"Change
        to MongoDB_url","changed_by":"tech@nuwe.co","created_at_iso":"2016-02-10T14:24:07Z","updated_at_iso":"2016-02-10T14:24:07Z"},{"uid":"24e1e8f5bc010b0d3e63d808b8f392f7","comments":"Different
        ref stack env mongodb address int","changed_by":"tech@nuwe.co","created_at_iso":"2016-02-10T14:32:59Z","updated_at_iso":"2016-02-10T14:32:59Z"},{"uid":"618435d946abb5626b6332dd931f6bb7","comments":"Adds
        AppID and MasterKey.","changed_by":"tech@nuwe.co","created_at_iso":"2016-02-10T14:58:32Z","updated_at_iso":"2016-02-10T14:58:32Z"},{"uid":"e29948cdbae0b50af456c9b8b82b8225","comments":"Adding
        nuwe-swift app parse server service","changed_by":"tech@nuwe.co","created_at_iso":"2016-02-23T08:40:25Z","updated_at_iso":"2016-02-23T08:40:25Z"},{"uid":"bf27b69a61d627839ce82feaaa3a4783","comments":"added
        FarmaInforma (183) Parse-server","changed_by":"tech@nuwe.co","created_at_iso":"2016-02-25T13:00:01Z","updated_at_iso":"2016-02-25T13:00:01Z"},{"uid":"e12248f4befd22520f07c579b174b628","comments":"Adjust
        key and secret for apps that still had filler keys","changed_by":"tech@nuwe.co","created_at_iso":"2016-02-29T14:34:58Z","updated_at_iso":"2016-02-29T14:34:58Z"},{"uid":"6724c59c67393bf471e4da79c420f59d","comments":"Add
        parse app 185","changed_by":"tech@nuwe.co","created_at_iso":"2016-03-02T12:47:55Z","updated_at_iso":"2016-03-02T12:47:55Z"},{"uid":"aeab407a603c077030d3d82bb74c717e","comments":"added
        blusense parse-server app:137","changed_by":"tech@nuwe.co","created_at_iso":"2016-03-02T12:56:01Z","updated_at_iso":"2016-03-02T12:56:01Z"},{"uid":"c5fe3ef088faa15397d54cc17c2f7a1a","comments":"correct
        mongo for 185","changed_by":"tech@nuwe.co","created_at_iso":"2016-03-02T13:12:18Z","updated_at_iso":"2016-03-02T13:12:18Z"},{"uid":"3dfc480101d7542f4032817b4bf16e6f","comments":"added
        ride republic parse-server","changed_by":"tech@nuwe.co","created_at_iso":"2016-03-02T20:12:12Z","updated_at_iso":"2016-03-02T20:12:12Z"},{"uid":"860cebab15f3dbeded4c6c46297467ef","comments":"added
        nuwe mood app parse-server","changed_by":"tech@nuwe.co","created_at_iso":"2016-03-04T12:06:34Z","updated_at_iso":"2016-03-04T12:06:34Z"},{"uid":"7a6cdc034b7ae55999aaa3f0601c207f","comments":"Adds
        parse server parse-143\n","changed_by":"tech@nuwe.co","created_at_iso":"2016-03-07T13:58:54Z","updated_at_iso":"2016-03-07T13:58:54Z"},{"uid":"f1e68265cf4f44d63f9a204fc9295705","comments":"Adds
        parse server parse-143\n","changed_by":"tech@nuwe.co","created_at_iso":"2016-03-07T14:13:14Z","updated_at_iso":"2016-03-07T14:13:14Z"},{"uid":"8162bcdd7ab07da4cacc94b6eac3ec8e","comments":"Removed
        test apps","changed_by":"tech@nuwe.co","created_at_iso":"2016-03-07T14:28:23Z","updated_at_iso":"2016-03-07T14:28:23Z"},{"uid":"237f4d3ac2f14d545eb3ccd8fcce15fb","comments":"Adds
        parse server parse-186\n","changed_by":"tech@nuwe.co","created_at_iso":"2016-03-07T14:57:08Z","updated_at_iso":"2016-03-07T14:57:08Z"},{"uid":"7c8721bc092db54a80638768e663d978","comments":"Remove
        test Parse container","changed_by":"tech@nuwe.co","created_at_iso":"2016-03-07T15:11:36Z","updated_at_iso":"2016-03-07T15:11:36Z"},{"uid":"d72c52f9f813c3a2330e7a9cc87880b4","comments":"Adds
        parse server parse-187\n","changed_by":"tech@nuwe.co","created_at_iso":"2016-03-07T15:30:53Z","updated_at_iso":"2016-03-07T15:30:53Z"}],"count":30,"pagination":{"previous":null,"next":2,"current":1,"per_page":30,"count":257,"pages":9}}'
    http_version: 
  recorded_at: Fri, 17 Jun 2016 11:58:09 GMT
- request:
    method: get
    uri: https://app.cloud66.com/api/3/stacks/3b4f442463ed48e92d94b0783f689f81/service_yaml.json?page=9
    body:
      encoding: US-ASCII
      string: ''
    headers:
      Content-Type:
      - application/json
      Authorization:
      - Bearer 1aa85d2961e6cdddb6cce55e41cf7a3d78e8080ac585ee130f9ac3bf5d44cdd7
  response:
    status:
      code: 200
      message: OK
    headers:
      Access-Control-Allow-Credentials:
      - 'true'
      Access-Control-Allow-Headers:
      - DNT,X-Mx-ReqToken,Keep-Alive,User-Agent,X-Requested-With,If-Modified-Since,Cache-Control,Content-Type
      Access-Control-Allow-Methods:
      - GET
      Access-Control-Allow-Origin:
      - "*"
      Cache-Control:
      - max-age=0, private, must-revalidate
      Content-Type:
      - application/json; charset=utf-8
      Date:
      - Fri, 17 Jun 2016 11:58:05 GMT
      Etag:
      - '"c17f6f39adfb783628d7c49acf942833"'
      Server:
      - nginx
      Status:
      - 200 OK
      X-Content-Type-Options:
      - nosniff
      X-Frame-Options:
      - SAMEORIGIN
      X-Ratelimit-Limit:
      - '3600'
      X-Ratelimit-Remaining:
      - '3588'
      X-Request-Id:
      - e1f3e0d3-b9fe-4b36-8e51-c5d2ffa34765
      X-Runtime:
      - '0.201252'
      X-Xss-Protection:
      - 1; mode=block
      Content-Length:
      - '3397'
      Connection:
      - keep-alive
    body:
      encoding: UTF-8
      string: '{"response":[{"uid":"7726393ea0c9cac46bcc563c5d51245d","comments":"Adds
        parse server parse-205\n","changed_by":"tech@nuwe.co","created_at_iso":"2016-06-15T14:44:42Z","updated_at_iso":"2016-06-15T14:44:42Z"},{"uid":"57fe1d20a08df2b2aaf7e13444575f49","comments":"Adds
        parse server parse-205\n","changed_by":"tech@nuwe.co","created_at_iso":"2016-06-15T14:49:19Z","updated_at_iso":"2016-06-15T14:49:19Z"},{"uid":"524a08585ec830f95ffa72f3191892d3","comments":"Adds
        parse server parse-205\n","changed_by":"tech@nuwe.co","created_at_iso":"2016-06-15T14:51:52Z","updated_at_iso":"2016-06-15T14:51:52Z"},{"uid":"d3cf82b43bded8973dada08c61c6e391","comments":"Adds
        parse server parse-205\n","changed_by":"tech@nuwe.co","created_at_iso":"2016-06-15T14:59:15Z","updated_at_iso":"2016-06-15T14:59:15Z"},{"uid":"22468be63608f0b0fb5dbfc0361c2c0b","comments":"Adds
        parse server parse-208\n","changed_by":"tech@nuwe.co","created_at_iso":"2016-06-15T15:09:21Z","updated_at_iso":"2016-06-15T15:09:21Z"},{"uid":"a716dae0d92137844b61db81abb92b88","comments":"Adds
        parse server parse-205\n","changed_by":"tech@nuwe.co","created_at_iso":"2016-06-15T15:13:01Z","updated_at_iso":"2016-06-15T15:13:01Z"},{"uid":"78fbd391e3d3d0107f11c6f5e49001bb","comments":"Added
        Mailgun params","changed_by":"boris@adimov.ru","created_at_iso":"2016-06-16T10:52:55Z","updated_at_iso":"2016-06-16T10:52:55Z"},{"uid":"1fa9bc9e8735e092f3781348f6a8d84c","comments":"added
        APP_NAME","changed_by":"boris@adimov.ru","created_at_iso":"2016-06-16T11:43:44Z","updated_at_iso":"2016-06-16T11:43:44Z"},{"uid":"03641f8ffd80a8af526308e390c536a8","comments":"Adds
        parse server parse-183\n","changed_by":"tech@nuwe.co","created_at_iso":"2016-06-16T12:34:58Z","updated_at_iso":"2016-06-16T12:34:58Z"},{"uid":"c6103b2dba3289ddcc4ef19de25db9fa","comments":"Adds
        parse server parse-183\n","changed_by":"tech@nuwe.co","created_at_iso":"2016-06-16T12:51:45Z","updated_at_iso":"2016-06-16T12:51:45Z"},{"uid":"4668f533c73ed5a278e84ed52e310096","comments":"Adds
        parse server parse-183\n","changed_by":"tech@nuwe.co","created_at_iso":"2016-06-16T13:12:21Z","updated_at_iso":"2016-06-16T13:12:21Z"},{"uid":"cee27274abc8192174805b36b570dade","comments":"Adds
        parse server parse-183\n","changed_by":"tech@nuwe.co","created_at_iso":"2016-06-16T13:12:48Z","updated_at_iso":"2016-06-16T13:12:48Z"},{"uid":"2afab83c6f3588f5e65629731f596ef3","comments":"Adds
        parse server parse-183\n","changed_by":"tech@nuwe.co","created_at_iso":"2016-06-16T13:21:25Z","updated_at_iso":"2016-06-16T13:21:25Z"},{"uid":"be6247700ec47684ec1dd2b8ea5b09be","comments":"Adds
        parse server parse-183\n","changed_by":"tech@nuwe.co","created_at_iso":"2016-06-16T13:36:54Z","updated_at_iso":"2016-06-16T13:36:54Z"},{"uid":"f5d3a284cfa4b46d6f88e3ce08a51eff","comments":"Adds
        parse server parse-183\n","changed_by":"tech@nuwe.co","created_at_iso":"2016-06-16T13:46:49Z","updated_at_iso":"2016-06-16T13:46:49Z"},{"uid":"b4e5f397056a8f516af3cc1b193536f1","comments":"Adds
        parse server parse-183\n","changed_by":"tech@nuwe.co","created_at_iso":"2016-06-16T16:16:27Z","updated_at_iso":"2016-06-16T16:16:27Z"},{"uid":"e1932499e7811ed677567106d08acfe3","comments":"Parse
        208 updated cloud code file","changed_by":"tech@nuwe.co","created_at_iso":"2016-06-17T08:29:43Z","updated_at_iso":"2016-06-17T08:29:43Z"}],"count":17,"pagination":{"previous":8,"next":null,"current":9,"per_page":30,"count":257,"pages":9}}'
    http_version: 
  recorded_at: Fri, 17 Jun 2016 11:58:10 GMT
- request:
    method: get
    uri: https://app.cloud66.com/api/3/stacks/3b4f442463ed48e92d94b0783f689f81/service_yaml/e1932499e7811ed677567106d08acfe3.json
    body:
      encoding: US-ASCII
      string: ''
    headers:
      Content-Type:
      - application/json
      Authorization:
      - Bearer 1aa85d2961e6cdddb6cce55e41cf7a3d78e8080ac585ee130f9ac3bf5d44cdd7
  response:
    status:
      code: 200
      message: OK
    headers:
      Access-Control-Allow-Credentials:
      - 'true'
      Access-Control-Allow-Headers:
      - DNT,X-Mx-ReqToken,Keep-Alive,User-Agent,X-Requested-With,If-Modified-Since,Cache-Control,Content-Type
      Access-Control-Allow-Methods:
      - GET
      Access-Control-Allow-Origin:
      - "*"
      Cache-Control:
      - max-age=0, private, must-revalidate
      Content-Type:
      - application/json; charset=utf-8
      Date:
      - Fri, 17 Jun 2016 11:58:06 GMT
      Etag:
      - '"87bb05fcf4767ed107cbfc377989f114"'
      Server:
      - nginx
      Status:
      - 200 OK
      X-Content-Type-Options:
      - nosniff
      X-Frame-Options:
      - SAMEORIGIN
      X-Ratelimit-Limit:
      - '3600'
      X-Ratelimit-Remaining:
      - '3587'
      X-Request-Id:
      - d5b1e47a-244a-41f7-ad69-f6807c8895bd
      X-Runtime:
      - '0.160214'
      X-Xss-Protection:
      - 1; mode=block
      Content-Length:
      - '18914'
      Connection:
      - keep-alive
    body:
      encoding: UTF-8
      string: '{"response":{"uid":"e1932499e7811ed677567106d08acfe3","comments":"Parse
        208 updated cloud code file","changed_by":"tech@nuwe.co","created_at_iso":"2016-06-17T08:29:43Z","updated_at_iso":"2016-06-17T08:29:43Z","body":"---\nservices:\n  parse:\n    git_url:
        git@github.com:nuwehq/nuwe-parse-server.git\n    git_branch: master\n    ports:\n    -
        container: 1337\n      https: 80\n    env_vars:\n      MONGODB_URL: mongodb://_env(MONGODB_ADDRESS_INT):27017/nuwe_parse_server_production\n      APP_ID:
        W8qSFepvDbmGlUkeFAq6iS1Mkjvvpi1umKgXEsTm\n      APP_NAME: Nuwe-parse-app\n      MASTER_KEY:
        LvYP4MzgF63eENHGg3vpgfk1iucCNjhjVBJTKDQE\n      BUCKET_NAME: parse-app-parse-bucket\n      CERTIFICATE_URI:
        https://developer.nuwe.co/system/doorkeeper/applications/apns_certificates/000/000/199/original/test.pem?1459936745\n      CERTIFICATE_NAME:
        test.pem\n      BUNDLE_ID: com.Myapp.parse\n      NOTIFICATION_PRODUCTION:
        false\n      GCM_SENDER_ID: test_string\n      GCM_API_KEY: test_string\n      CLOUD_CODE_FILE:
        https://developer.nuwe.co/system/doorkeeper/applications/cloud_code_files/000/000/198/original/cloud.js?1463732859\n      SERVER_URL:
        https://parse.nuwe.co:80/parse\n      MAILGUN_API_KEY: test_string\n      MAILGUN_DOMAIN:
        test_string\n      MAILGUN_FROM_ADDRESS: test_string\n  parse-143:\n    git_url:
        git@github.com:nuwehq/nuwe-parse-server.git\n    git_branch: master\n    ports:\n    -
        container: 1337\n      https: 49152\n    env_vars:\n      MONGODB_URL: mongodb://_env(MONGODB_ADDRESS_INT):27017/nuwe_parse_143\n      APP_ID:
        1c53a6d73b2ea720ed90e58fb1a2fb54\n      APP_NAME: Nuwe-parse-app\n      MASTER_KEY:
        9bdbe0df07a68cf02714d31e21fce473\n      BUCKET_NAME: parse-app-143-bucket\n      CERTIFICATE_URI:
        https://developer.nuwe.co/system/doorkeeper/applications/apns_certificates/000/000/199/original/test.pem?1459936745\n      CERTIFICATE_NAME:
        test.pem\n      BUNDLE_ID: com.Myapp.parse\n      NOTIFICATION_PRODUCTION:
        false\n      GCM_SENDER_ID: test_string\n      GCM_API_KEY: test_string\n      CLOUD_CODE_FILE:
        https://developer.nuwe.co/system/doorkeeper/applications/cloud_code_files/000/000/143/original/klue_two.js?1464599345\n      SERVER_URL:
        https://parse.nuwe.co:49152/parse\n      MAILGUN_API_KEY: test_string\n      MAILGUN_DOMAIN:
        test_string\n      MAILGUN_FROM_ADDRESS: test_string\n  parse-174:\n    git_url:
        git@github.com:nuwehq/nuwe-parse-server.git\n    git_branch: master\n    ports:\n    -
        container: 1337\n      https: 49154\n    env_vars:\n      MONGODB_URL: mongodb://_env(MONGODB_ADDRESS_INT):27017/nuwe_parse_174\n      APP_ID:
        e7fb85bff08b3880c694a71d7e05ce50\n      APP_NAME: Nuwe-parse-app\n      MASTER_KEY:
        cf7e1f9fa85c8bf1f685f87aff6746a3\n      BUCKET_NAME: parse-app-174-bucket\n      CERTIFICATE_URI:
        https://developer.nuwe.co/system/doorkeeper/applications/apns_certificates/000/000/199/original/test.pem?1459936745\n      CERTIFICATE_NAME:
        test.pem\n      BUNDLE_ID: com.Myapp.parse\n      NOTIFICATION_PRODUCTION:
        false\n      GCM_SENDER_ID: test_string\n      GCM_API_KEY: test_string\n      CLOUD_CODE_FILE:
        https://developer.nuwe.co/system/doorkeeper/applications/cloud_code_files/000/000/198/original/cloud.js?1463732859\n      SERVER_URL:
        https://parse.nuwe.co:49154/parse\n      MAILGUN_API_KEY: test_string\n      MAILGUN_DOMAIN:
        test_string\n      MAILGUN_FROM_ADDRESS: test_string\n  parse-183:\n    git_url:
        git@github.com:nuwehq/nuwe-parse-server.git\n    git_branch: master\n    ports:\n    -
        container: 1337\n      https: 49155\n    env_vars:\n      MONGODB_URL: mongodb://_env(MONGODB_ADDRESS_INT):27017/nuwe_parse_183\n      APP_ID:
        c55e8056e563bc27ffd476c64293c259\n      APP_NAME: FarmaInForma\n      MASTER_KEY:
        fd0190a7aacaf7f4b9b068ea06825b6d\n      BUCKET_NAME: parse-app-183-bucket\n      CERTIFICATE_URI:
        https://developer.nuwe.co/system/doorkeeper/applications/apns_certificates/000/000/199/original/test.pem?1459936745\n      CERTIFICATE_NAME:
        test.pem\n      BUNDLE_ID: com.Myapp.parse\n      NOTIFICATION_PRODUCTION:
        false\n      GCM_SENDER_ID: test_string\n      GCM_API_KEY: test_string\n      CLOUD_CODE_FILE:
        https://developer.nuwe.co/system/doorkeeper/applications/cloud_code_files/000/000/183/original/cloudcode.js?1466093785\n      SERVER_URL:
        https://parse.nuwe.co:49155/parse\n      MAILGUN_API_KEY: key-418ae4cbfe195880d22a90b3a2ae1dc0\n      MAILGUN_DOMAIN:
        mail.medmob.it\n      MAILGUN_FROM_ADDRESS: no-reply@medmob.it\n  parse-185:\n    git_url:
        git@github.com:nuwehq/nuwe-parse-server.git\n    git_branch: master\n    ports:\n    -
        container: 1337\n      https: 49157\n    env_vars:\n      MONGODB_URL: mongodb://_env(MONGODB_ADDRESS_INT):27017/nuwe_parse_185\n      APP_ID:
        c87f4978498e733c5fd9c89ae8c4f2f5\n      APP_NAME: Nuwe-parse-app\n      MASTER_KEY:
        87dae18524999ccf1e41f98f8d523072\n      BUCKET_NAME: parse-app-185-bucket\n      CERTIFICATE_URI:
        https://developer.nuwe.co/system/doorkeeper/applications/apns_certificates/000/000/199/original/test.pem?1459936745\n      CERTIFICATE_NAME:
        test.pem\n      BUNDLE_ID: com.Myapp.parse\n      NOTIFICATION_PRODUCTION:
        false\n      GCM_SENDER_ID: test_string\n      GCM_API_KEY: test_string\n      CLOUD_CODE_FILE:
        https://developer.nuwe.co/system/doorkeeper/applications/cloud_code_files/000/000/185/original/cloudcode.js?1465398210\n      SERVER_URL:
        https://parse.nuwe.co:49157/parse\n      MAILGUN_API_KEY: test_string\n      MAILGUN_DOMAIN:
        test_string\n      MAILGUN_FROM_ADDRESS: test_string\n  parse-137:\n    git_url:
        git@github.com:nuwehq/nuwe-parse-server.git\n    git_branch: master\n    ports:\n    -
        container: 1337\n      https: 49158\n    env_vars:\n      MONGODB_URL: mongodb://_env(MONGODB_ADDRESS_INT):27017/nuwe_parse_137\n      APP_ID:
        03a16a255dcc086b337b75e85a9e5bcc\n      APP_NAME: Nuwe-parse-app\n      MASTER_KEY:
        b2508d34b586d87153bcc9936046fb52\n      BUCKET_NAME: parse-app-137-bucket\n      CERTIFICATE_URI:
        https://developer.nuwe.co/system/doorkeeper/applications/apns_certificates/000/000/199/original/test.pem?1459936745\n      CERTIFICATE_NAME:
        test.pem\n      BUNDLE_ID: com.Myapp.parse\n      NOTIFICATION_PRODUCTION:
        false\n      GCM_SENDER_ID: test_string\n      GCM_API_KEY: test_string\n      CLOUD_CODE_FILE:
        https://developer.nuwe.co/system/doorkeeper/applications/cloud_code_files/000/000/198/original/cloud.js?1463732859\n      SERVER_URL:
        https://parse.nuwe.co:49158/parse\n      MAILGUN_API_KEY: test_string\n      MAILGUN_DOMAIN:
        test_string\n      MAILGUN_FROM_ADDRESS: test_string\n  parse-186:\n    git_url:
        git@github.com:nuwehq/nuwe-parse-server.git\n    git_branch: master\n    ports:\n    -
        container: 1337\n      https: 49159\n    env_vars:\n      MONGODB_URL: mongodb://_env(MONGODB_ADDRESS_INT):27017/nuwe_parse_186\n      APP_ID:
        1be8cf59bc6359d8c04aded5e5f30aab\n      APP_NAME: Nuwe-parse-app\n      MASTER_KEY:
        7c72bcac8a8186a12004851b81fd7f4f\n      BUCKET_NAME: parse-app-186-bucket\n      CERTIFICATE_URI:
        https://developer.nuwe.co/system/doorkeeper/applications/apns_certificates/000/000/199/original/test.pem?1459936745\n      CERTIFICATE_NAME:
        test.pem\n      BUNDLE_ID: com.Myapp.parse\n      NOTIFICATION_PRODUCTION:
        false\n      GCM_SENDER_ID: test_string\n      GCM_API_KEY: test_string\n      CLOUD_CODE_FILE:
        https://developer.nuwe.co/system/doorkeeper/applications/cloud_code_files/000/000/198/original/cloud.js?1463732859\n      SERVER_URL:
        https://parse.nuwe.co:49159/parse\n      MAILGUN_API_KEY: test_string\n      MAILGUN_DOMAIN:
        test_string\n      MAILGUN_FROM_ADDRESS: test_string\n  parse-190:\n    git_url:
        git@github.com:nuwehq/nuwe-parse-server.git\n    git_branch: master\n    ports:\n    -
        container: 1337\n      https: 49160\n    env_vars:\n      MONGODB_URL: mongodb://_env(MONGODB_ADDRESS_INT):27017/nuwe_parse_190\n      APP_ID:
        9ff19f766c2df2378b589321488f09b8\n      APP_NAME: Nuwe-parse-app\n      MASTER_KEY:
        19be0335ebe712e72892a7eb6d497937\n      BUCKET_NAME: parse-app-190-bucket\n      CERTIFICATE_URI:
        https://developer.nuwe.co/system/doorkeeper/applications/apns_certificates/000/000/199/original/test.pem?1459936745\n      CERTIFICATE_NAME:
        test.pem\n      BUNDLE_ID: com.Myapp.parse\n      NOTIFICATION_PRODUCTION:
        false\n      GCM_SENDER_ID: test_string\n      GCM_API_KEY: test_string\n      CLOUD_CODE_FILE:
        https://developer.nuwe.co/system/doorkeeper/applications/cloud_code_files/000/000/190/original/cloudcode.js?1465816248\n      SERVER_URL:
        https://parse.nuwe.co:49160/parse\n      MAILGUN_API_KEY: test_string\n      MAILGUN_DOMAIN:
        test_string\n      MAILGUN_FROM_ADDRESS: test_string\n  parse-175:\n    git_url:
        git@github.com:nuwehq/nuwe-parse-server.git\n    git_branch: master\n    ports:\n    -
        container: 1337\n      https: 49163\n    env_vars:\n      MONGODB_URL: mongodb://_env(MONGODB_ADDRESS_INT):27017/nuwe_parse_175\n      APP_ID:
        ff4bd812539068342910eaa4f6d623db\n      APP_NAME: Nuwe-parse-app\n      MASTER_KEY:
        a4db6b664b37a816c01d5c942bc185b5\n      BUCKET_NAME: parse-app-175-bucket\n      CERTIFICATE_URI:
        https://developer.nuwe.co/system/doorkeeper/applications/apns_certificates/000/000/199/original/test.pem?1459936745\n      CERTIFICATE_NAME:
        test.pem\n      BUNDLE_ID: com.Myapp.parse\n      NOTIFICATION_PRODUCTION:
        false\n      GCM_SENDER_ID: test_string\n      GCM_API_KEY: test_string\n      CLOUD_CODE_FILE:
        https://developer.nuwe.co/system/doorkeeper/applications/cloud_code_files/000/000/198/original/cloud.js?1463732859\n      SERVER_URL:
        https://parse.nuwe.co:49163/parse\n      MAILGUN_API_KEY: test_string\n      MAILGUN_DOMAIN:
        test_string\n      MAILGUN_FROM_ADDRESS: test_string\n  parse-193:\n    git_url:
        git@github.com:nuwehq/nuwe-parse-server.git\n    git_branch: master\n    ports:\n    -
        container: 1337\n      https: 49164\n    env_vars:\n      MONGODB_URL: mongodb://_env(MONGODB_ADDRESS_INT):27017/nuwe_parse_193\n      APP_ID:
        36071fc54d690bbc03081b068b1d330c\n      APP_NAME: Nuwe-parse-app\n      MASTER_KEY:
        3d09bfa1fd0768f107540ab8d32bd27d\n      BUCKET_NAME: parse-app-193-bucket\n      CERTIFICATE_URI:
        https://developer.nuwe.co/system/doorkeeper/applications/apns_certificates/000/000/199/original/test.pem?1459936745\n      CERTIFICATE_NAME:
        test.pem\n      BUNDLE_ID: com.Myapp.parse\n      NOTIFICATION_PRODUCTION:
        false\n      GCM_SENDER_ID: test_string\n      GCM_API_KEY: test_string\n      CLOUD_CODE_FILE:
        https://developer.nuwe.co/system/doorkeeper/applications/cloud_code_files/000/000/198/original/cloud.js?1463732859\n      SERVER_URL:
        https://parse.nuwe.co:49164/parse\n      MAILGUN_API_KEY: test_string\n      MAILGUN_DOMAIN:
        test_string\n      MAILGUN_FROM_ADDRESS: test_string\n  parse-198:\n    git_url:
        git@github.com:nuwehq/nuwe-parse-server.git\n    git_branch: master\n    ports:\n    -
        container: 1337\n      https: 49165\n    env_vars:\n      MONGODB_URL: mongodb://_env(MONGODB_ADDRESS_INT):27017/nuwe_parse_198\n      APP_ID:
        282b51663af1895cd273159ff6e147ba\n      APP_NAME: Nuwe-parse-app\n      MASTER_KEY:
        79467937afaecaef045d1195fe97365e\n      BUCKET_NAME: parse-app-198-bucket\n      CERTIFICATE_URI:
        https://developer.nuwe.co/system/doorkeeper/applications/apns_certificates/000/000/198/original/test.pem?1460965162\n      CERTIFICATE_NAME:
        test.pem\n      BUNDLE_ID: com.Myapp.parse\n      NOTIFICATION_PRODUCTION:
        false\n      GCM_SENDER_ID: test_string\n      GCM_API_KEY: test_string\n      CLOUD_CODE_FILE:
        https://developer.nuwe.co/system/doorkeeper/applications/cloud_code_files/000/000/198/original/cloud.js?1463732859\n      SERVER_URL:
        https://parse.nuwe.co:49165/parse\n      MAILGUN_API_KEY: test_string\n      MAILGUN_DOMAIN:
        test_string\n      MAILGUN_FROM_ADDRESS: test_string\n  parse-199:\n    git_url:
        git@github.com:nuwehq/nuwe-parse-server.git\n    git_branch: master\n    ports:\n    -
        container: 1337\n      https: 49166\n    env_vars:\n      MONGODB_URL: mongodb://_env(MONGODB_ADDRESS_INT):27017/nuwe_parse_199\n      APP_ID:
        d6071f7520b8332bca13399161be7413\n      APP_NAME: Nuwe-parse-app\n      MASTER_KEY:
        cbfb0d6e62ee32dcb5d45cbc426d950d\n      BUCKET_NAME: parse-app-199-bucket\n      CERTIFICATE_URI:
        https://developer.nuwe.co/system/doorkeeper/applications/apns_certificates/000/000/199/original/test.pem?1460638124\n      CERTIFICATE_NAME:
        test.pem\n      BUNDLE_ID: com.Myapp.parse\n      NOTIFICATION_PRODUCTION:
        true\n      GCM_SENDER_ID: test_string\n      GCM_API_KEY: test_string\n      CLOUD_CODE_FILE:
        https://developer.nuwe.co/system/doorkeeper/applications/cloud_code_files/000/000/198/original/cloud.js?1463732859\n      SERVER_URL:
        https://parse.nuwe.co:49166/parse\n      MAILGUN_API_KEY: test_string\n      MAILGUN_DOMAIN:
        test_string\n      MAILGUN_FROM_ADDRESS: test_string\n  parse-3:\n    git_url:
        git@github.com:nuwehq/nuwe-parse-server.git\n    git_branch: master\n    ports:\n    -
        container: 1337\n      https: 49167\n    env_vars:\n      MONGODB_URL: mongodb://_env(MONGODB_ADDRESS_INT):27017/nuwe_parse_3\n      APP_ID:
        eb08818735d4bdcf286e073f1d1483fa\n      APP_NAME: Nuwe-parse-app\n      MASTER_KEY:
        b10b84f05e925186c43e9e093a18cc36\n      BUCKET_NAME: parse-app-3-bucket\n      CERTIFICATE_URI:
        https://developer.nuwe.co/system/doorkeeper/applications/apns_certificates/000/000/199/original/test.pem?1459936745\n      CERTIFICATE_NAME:
        test.pem\n      BUNDLE_ID: com.Myapp.parse\n      NOTIFICATION_PRODUCTION:
        false\n      GCM_SENDER_ID: test_string\n      GCM_API_KEY: test_string\n      CLOUD_CODE_FILE:
        https://developer.nuwe.co/system/doorkeeper/applications/cloud_code_files/000/000/003/original/cloudcode.js?1464688296\n      SERVER_URL:
        https://parse.nuwe.co:49167/parse\n      MAILGUN_API_KEY: test_string\n      MAILGUN_DOMAIN:
        test_string\n      MAILGUN_FROM_ADDRESS: test_string\n  parse-203:\n    git_url:
        git@github.com:nuwehq/nuwe-parse-server.git\n    git_branch: master\n    ports:\n    -
        container: 1337\n      https: 49168\n    env_vars:\n      MONGODB_URL: mongodb://_env(MONGODB_ADDRESS_INT):27017/nuwe_parse_203\n      APP_ID:
        47fa7bf67cca2b1fd0ee5284c92625dd\n      APP_NAME: Nuwe-parse-app\n      MASTER_KEY:
        815606fb897ae404874bba3e02fd1b6f\n      BUCKET_NAME: parse-app-203-bucket\n      CERTIFICATE_URI:
        https://developer.nuwe.co/system/doorkeeper/applications/apns_certificates/000/000/199/original/test.pem?1459936745\n      CERTIFICATE_NAME:
        test.pem\n      BUNDLE_ID: com.Myapp.parse\n      NOTIFICATION_PRODUCTION:
        false\n      GCM_SENDER_ID: test_string\n      GCM_API_KEY: test_string\n      CLOUD_CODE_FILE:
        https://developer.nuwe.co/system/doorkeeper/applications/cloud_code_files/000/000/198/original/cloud.js?1463732859\n      SERVER_URL:
        https://parse.nuwe.co:49168/parse\n      MAILGUN_API_KEY: test_string\n      MAILGUN_DOMAIN:
        test_string\n      MAILGUN_FROM_ADDRESS: test_string\n  parse-109:\n    git_url:
        git@github.com:nuwehq/nuwe-parse-server.git\n    git_branch: master\n    ports:\n    -
        container: 1337\n      https: 49169\n    env_vars:\n      MONGODB_URL: mongodb://_env(MONGODB_ADDRESS_INT):27017/nuwe_parse_109\n      APP_ID:
        21ff6a9d9de9985afcca8666ac654215\n      APP_NAME: Nuwe-parse-app\n      MASTER_KEY:
        f8081ecc38a2dea9e23534e9d065e836\n      BUCKET_NAME: parse-app-109-bucket\n      CERTIFICATE_URI:
        https://developer.nuwe.co/system/doorkeeper/applications/apns_certificates/000/000/199/original/test.pem?1459936745\n      CERTIFICATE_NAME:
        test.pem\n      BUNDLE_ID: com.Myapp.parse\n      NOTIFICATION_PRODUCTION:
        false\n      GCM_SENDER_ID: test_string\n      GCM_API_KEY: test_string\n      CLOUD_CODE_FILE:
        https://developer.nuwe.co/system/doorkeeper/applications/cloud_code_files/000/000/109/original/main.js?1464009817\n      SERVER_URL:
        https://parse.nuwe.co:49169/parse\n      MAILGUN_API_KEY: test_string\n      MAILGUN_DOMAIN:
        test_string\n      MAILGUN_FROM_ADDRESS: test_string\n  parse-147:\n    git_url:
        git@github.com:nuwehq/nuwe-parse-server.git\n    git_branch: master\n    ports:\n    -
        container: 1337\n      https: 49170\n    env_vars:\n      MONGODB_URL: mongodb://_env(MONGODB_ADDRESS_INT):27017/nuwe_parse_147\n      APP_ID:
        5ff800596891100120a9406b9fc1e872\n      APP_NAME: Nuwe-parse-app\n      MASTER_KEY:
        bb5a8907e422d15ef4a6c8c6f2546a08\n      BUCKET_NAME: parse-app-147-bucket\n      CERTIFICATE_URI:
        https://developer.nuwe.co/system/doorkeeper/applications/apns_certificates/000/000/199/original/test.pem?1459936745\n      CERTIFICATE_NAME:
        test.pem\n      BUNDLE_ID: com.Myapp.parse\n      NOTIFICATION_PRODUCTION:
        false\n      GCM_SENDER_ID: test_string\n      GCM_API_KEY: test_string\n      CLOUD_CODE_FILE:
        https://developer.nuwe.co/system/doorkeeper/applications/cloud_code_files/000/000/198/original/cloud.js?1463732859\n      SERVER_URL:
        https://parse.nuwe.co:49170/parse\n      MAILGUN_API_KEY: test_string\n      MAILGUN_DOMAIN:
        test_string\n      MAILGUN_FROM_ADDRESS: test_string\n  parse-205:\n    git_url:
        git@github.com:nuwehq/nuwe-parse-server.git\n    git_branch: master\n    ports:\n    -
        container: 1337\n      https: 49171\n    env_vars:\n      MONGODB_URL: mongodb://_env(MONGODB_ADDRESS_INT):27017/nuwe_parse_205\n      APP_ID:
        5fa9c3eb868280bd6819130793867121\n      APP_NAME: Nuwe-parse-app\n      MASTER_KEY:
        d878105a28f18b04d81dc828c21d26d4\n      BUCKET_NAME: parse-app-205-bucket\n      CERTIFICATE_URI:
        https://developer.nuwe.co/system/doorkeeper/applications/apns_certificates/000/000/199/original/test.pem?1459936745\n      CERTIFICATE_NAME:
        test.pem\n      BUNDLE_ID: com.Myapp.parse\n      NOTIFICATION_PRODUCTION:
        false\n      GCM_SENDER_ID: test_string\n      GCM_API_KEY: test_string\n      CLOUD_CODE_FILE:
        https://developer.nuwe.co/system/doorkeeper/applications/cloud_code_files/000/000/205/original/cloudcode.js?1466003579\n      SERVER_URL:
        https://parse.nuwe.co:49171/parse\n      MAILGUN_API_KEY: test_string\n      MAILGUN_DOMAIN:
        test_string\n      MAILGUN_FROM_ADDRESS: test_string\n  parse-208:\n    git_url:
        git@github.com:nuwehq/nuwe-parse-server.git\n    git_branch: master\n    ports:\n    -
        container: 1337\n      https: 49172\n    env_vars:\n      MONGODB_URL: mongodb://_env(MONGODB_ADDRESS_INT):27017/nuwe_parse_208\n      APP_ID:
        6f1234c5e13cf5e88b416e05d38ba546\n      APP_NAME: Nuwe-parse-app\n      MASTER_KEY:
        2ce2af5c27c6326a73e1fdc7108289be\n      BUCKET_NAME: parse-app-208-bucket\n      CERTIFICATE_URI:
        https://developer.nuwe.co/system/doorkeeper/applications/apns_certificates/000/000/199/original/test.pem?1459936745\n      CERTIFICATE_NAME:
        test.pem\n      BUNDLE_ID: com.Myapp.parse\n      NOTIFICATION_PRODUCTION:
        false\n      GCM_SENDER_ID: test_string\n      GCM_API_KEY: test_string\n      CLOUD_CODE_FILE:
        https://developer.nuwe.co/system/doorkeeper/applications/cloud_code_files/000/000/198/original/cloud.js?1463732859\n      SERVER_URL:
        https://parse.nuwe.co:49172/parse\n      MAILGUN_API_KEY: test_string\n      MAILGUN_DOMAIN:
        test_string\n      MAILGUN_FROM_ADDRESS: test_string\ndatabases:\n- mongodb\n-
        redis\n"}}'
    http_version: 
  recorded_at: Fri, 17 Jun 2016 11:58:10 GMT
- request:
    method: post
    uri: https://app.cloud66.com/api/3/stacks/3b4f442463ed48e92d94b0783f689f81/service_yaml.json
    body:
      encoding: UTF-8
      string: '{"service_yaml":"---\nservices:\n  parse:\n    git_url: git@github.com:nuwehq/nuwe-parse-server.git\n    git_branch:
        master\n    ports:\n    - container: 1337\n      https: 80\n    env_vars:\n      MONGODB_URL:
        mongodb://_env(MONGODB_ADDRESS_INT):27017/nuwe_parse_server_production\n      APP_ID:
        W8qSFepvDbmGlUkeFAq6iS1Mkjvvpi1umKgXEsTm\n      APP_NAME: Nuwe-parse-app\n      MASTER_KEY:
        LvYP4MzgF63eENHGg3vpgfk1iucCNjhjVBJTKDQE\n      BUCKET_NAME: parse-app-parse-bucket\n      CERTIFICATE_URI:
        https://developer.nuwe.co/system/doorkeeper/applications/apns_certificates/000/000/199/original/test.pem?1459936745\n      CERTIFICATE_NAME:
        test.pem\n      BUNDLE_ID: com.Myapp.parse\n      NOTIFICATION_PRODUCTION:
        false\n      GCM_SENDER_ID: test_string\n      GCM_API_KEY: test_string\n      CLOUD_CODE_FILE:
        https://developer.nuwe.co/system/doorkeeper/applications/cloud_code_files/000/000/198/original/cloud.js?1463732859\n      SERVER_URL:
        https://parse.nuwe.co:80/parse\n      MAILGUN_API_KEY: test_string\n      MAILGUN_DOMAIN:
        test_string\n      MAILGUN_FROM_ADDRESS: test_string\n  parse-143:\n    git_url:
        git@github.com:nuwehq/nuwe-parse-server.git\n    git_branch: master\n    ports:\n    -
        container: 1337\n      https: 49152\n    env_vars:\n      MONGODB_URL: mongodb://_env(MONGODB_ADDRESS_INT):27017/nuwe_parse_143\n      APP_ID:
        1c53a6d73b2ea720ed90e58fb1a2fb54\n      APP_NAME: Nuwe-parse-app\n      MASTER_KEY:
        9bdbe0df07a68cf02714d31e21fce473\n      BUCKET_NAME: parse-app-143-bucket\n      CERTIFICATE_URI:
        https://developer.nuwe.co/system/doorkeeper/applications/apns_certificates/000/000/199/original/test.pem?1459936745\n      CERTIFICATE_NAME:
        test.pem\n      BUNDLE_ID: com.Myapp.parse\n      NOTIFICATION_PRODUCTION:
        false\n      GCM_SENDER_ID: test_string\n      GCM_API_KEY: test_string\n      CLOUD_CODE_FILE:
        https://developer.nuwe.co/system/doorkeeper/applications/cloud_code_files/000/000/143/original/klue_two.js?1464599345\n      SERVER_URL:
        https://parse.nuwe.co:49152/parse\n      MAILGUN_API_KEY: test_string\n      MAILGUN_DOMAIN:
        test_string\n      MAILGUN_FROM_ADDRESS: test_string\n  parse-174:\n    git_url:
        git@github.com:nuwehq/nuwe-parse-server.git\n    git_branch: master\n    ports:\n    -
        container: 1337\n      https: 49154\n    env_vars:\n      MONGODB_URL: mongodb://_env(MONGODB_ADDRESS_INT):27017/nuwe_parse_174\n      APP_ID:
        e7fb85bff08b3880c694a71d7e05ce50\n      APP_NAME: Nuwe-parse-app\n      MASTER_KEY:
        cf7e1f9fa85c8bf1f685f87aff6746a3\n      BUCKET_NAME: parse-app-174-bucket\n      CERTIFICATE_URI:
        https://developer.nuwe.co/system/doorkeeper/applications/apns_certificates/000/000/199/original/test.pem?1459936745\n      CERTIFICATE_NAME:
        test.pem\n      BUNDLE_ID: com.Myapp.parse\n      NOTIFICATION_PRODUCTION:
        false\n      GCM_SENDER_ID: test_string\n      GCM_API_KEY: test_string\n      CLOUD_CODE_FILE:
        https://developer.nuwe.co/system/doorkeeper/applications/cloud_code_files/000/000/198/original/cloud.js?1463732859\n      SERVER_URL:
        https://parse.nuwe.co:49154/parse\n      MAILGUN_API_KEY: test_string\n      MAILGUN_DOMAIN:
        test_string\n      MAILGUN_FROM_ADDRESS: test_string\n  parse-183:\n    git_url:
        git@github.com:nuwehq/nuwe-parse-server.git\n    git_branch: master\n    ports:\n    -
        container: 1337\n      https: 49155\n    env_vars:\n      MONGODB_URL: mongodb://_env(MONGODB_ADDRESS_INT):27017/nuwe_parse_183\n      APP_ID:
        c55e8056e563bc27ffd476c64293c259\n      APP_NAME: FarmaInForma\n      MASTER_KEY:
        fd0190a7aacaf7f4b9b068ea06825b6d\n      BUCKET_NAME: parse-app-183-bucket\n      CERTIFICATE_URI:
        https://developer.nuwe.co/system/doorkeeper/applications/apns_certificates/000/000/199/original/test.pem?1459936745\n      CERTIFICATE_NAME:
        test.pem\n      BUNDLE_ID: com.Myapp.parse\n      NOTIFICATION_PRODUCTION:
        false\n      GCM_SENDER_ID: test_string\n      GCM_API_KEY: test_string\n      CLOUD_CODE_FILE:
        https://developer.nuwe.co/system/doorkeeper/applications/cloud_code_files/000/000/183/original/cloudcode.js?1466093785\n      SERVER_URL:
        https://parse.nuwe.co:49155/parse\n      MAILGUN_API_KEY: key-418ae4cbfe195880d22a90b3a2ae1dc0\n      MAILGUN_DOMAIN:
        mail.medmob.it\n      MAILGUN_FROM_ADDRESS: no-reply@medmob.it\n  parse-185:\n    git_url:
        git@github.com:nuwehq/nuwe-parse-server.git\n    git_branch: master\n    ports:\n    -
        container: 1337\n      https: 49157\n    env_vars:\n      MONGODB_URL: mongodb://_env(MONGODB_ADDRESS_INT):27017/nuwe_parse_185\n      APP_ID:
        c87f4978498e733c5fd9c89ae8c4f2f5\n      APP_NAME: Nuwe-parse-app\n      MASTER_KEY:
        87dae18524999ccf1e41f98f8d523072\n      BUCKET_NAME: parse-app-185-bucket\n      CERTIFICATE_URI:
        https://developer.nuwe.co/system/doorkeeper/applications/apns_certificates/000/000/199/original/test.pem?1459936745\n      CERTIFICATE_NAME:
        test.pem\n      BUNDLE_ID: com.Myapp.parse\n      NOTIFICATION_PRODUCTION:
        false\n      GCM_SENDER_ID: test_string\n      GCM_API_KEY: test_string\n      CLOUD_CODE_FILE:
        https://developer.nuwe.co/system/doorkeeper/applications/cloud_code_files/000/000/185/original/cloudcode.js?1465398210\n      SERVER_URL:
        https://parse.nuwe.co:49157/parse\n      MAILGUN_API_KEY: test_string\n      MAILGUN_DOMAIN:
        test_string\n      MAILGUN_FROM_ADDRESS: test_string\n  parse-137:\n    git_url:
        git@github.com:nuwehq/nuwe-parse-server.git\n    git_branch: master\n    ports:\n    -
        container: 1337\n      https: 49158\n    env_vars:\n      MONGODB_URL: mongodb://_env(MONGODB_ADDRESS_INT):27017/nuwe_parse_137\n      APP_ID:
        03a16a255dcc086b337b75e85a9e5bcc\n      APP_NAME: Nuwe-parse-app\n      MASTER_KEY:
        b2508d34b586d87153bcc9936046fb52\n      BUCKET_NAME: parse-app-137-bucket\n      CERTIFICATE_URI:
        https://developer.nuwe.co/system/doorkeeper/applications/apns_certificates/000/000/199/original/test.pem?1459936745\n      CERTIFICATE_NAME:
        test.pem\n      BUNDLE_ID: com.Myapp.parse\n      NOTIFICATION_PRODUCTION:
        false\n      GCM_SENDER_ID: test_string\n      GCM_API_KEY: test_string\n      CLOUD_CODE_FILE:
        https://developer.nuwe.co/system/doorkeeper/applications/cloud_code_files/000/000/198/original/cloud.js?1463732859\n      SERVER_URL:
        https://parse.nuwe.co:49158/parse\n      MAILGUN_API_KEY: test_string\n      MAILGUN_DOMAIN:
        test_string\n      MAILGUN_FROM_ADDRESS: test_string\n  parse-186:\n    git_url:
        git@github.com:nuwehq/nuwe-parse-server.git\n    git_branch: master\n    ports:\n    -
        container: 1337\n      https: 49159\n    env_vars:\n      MONGODB_URL: mongodb://_env(MONGODB_ADDRESS_INT):27017/nuwe_parse_186\n      APP_ID:
        1be8cf59bc6359d8c04aded5e5f30aab\n      APP_NAME: Nuwe-parse-app\n      MASTER_KEY:
        7c72bcac8a8186a12004851b81fd7f4f\n      BUCKET_NAME: parse-app-186-bucket\n      CERTIFICATE_URI:
        https://developer.nuwe.co/system/doorkeeper/applications/apns_certificates/000/000/199/original/test.pem?1459936745\n      CERTIFICATE_NAME:
        test.pem\n      BUNDLE_ID: com.Myapp.parse\n      NOTIFICATION_PRODUCTION:
        false\n      GCM_SENDER_ID: test_string\n      GCM_API_KEY: test_string\n      CLOUD_CODE_FILE:
        https://developer.nuwe.co/system/doorkeeper/applications/cloud_code_files/000/000/198/original/cloud.js?1463732859\n      SERVER_URL:
        https://parse.nuwe.co:49159/parse\n      MAILGUN_API_KEY: test_string\n      MAILGUN_DOMAIN:
        test_string\n      MAILGUN_FROM_ADDRESS: test_string\n  parse-190:\n    git_url:
        git@github.com:nuwehq/nuwe-parse-server.git\n    git_branch: master\n    ports:\n    -
        container: 1337\n      https: 49160\n    env_vars:\n      MONGODB_URL: mongodb://_env(MONGODB_ADDRESS_INT):27017/nuwe_parse_190\n      APP_ID:
        9ff19f766c2df2378b589321488f09b8\n      APP_NAME: Nuwe-parse-app\n      MASTER_KEY:
        19be0335ebe712e72892a7eb6d497937\n      BUCKET_NAME: parse-app-190-bucket\n      CERTIFICATE_URI:
        https://developer.nuwe.co/system/doorkeeper/applications/apns_certificates/000/000/199/original/test.pem?1459936745\n      CERTIFICATE_NAME:
        test.pem\n      BUNDLE_ID: com.Myapp.parse\n      NOTIFICATION_PRODUCTION:
        false\n      GCM_SENDER_ID: test_string\n      GCM_API_KEY: test_string\n      CLOUD_CODE_FILE:
        https://developer.nuwe.co/system/doorkeeper/applications/cloud_code_files/000/000/190/original/cloudcode.js?1465816248\n      SERVER_URL:
        https://parse.nuwe.co:49160/parse\n      MAILGUN_API_KEY: test_string\n      MAILGUN_DOMAIN:
        test_string\n      MAILGUN_FROM_ADDRESS: test_string\n  parse-175:\n    git_url:
        git@github.com:nuwehq/nuwe-parse-server.git\n    git_branch: master\n    ports:\n    -
        container: 1337\n      https: 49163\n    env_vars:\n      MONGODB_URL: mongodb://_env(MONGODB_ADDRESS_INT):27017/nuwe_parse_175\n      APP_ID:
        ff4bd812539068342910eaa4f6d623db\n      APP_NAME: Nuwe-parse-app\n      MASTER_KEY:
        a4db6b664b37a816c01d5c942bc185b5\n      BUCKET_NAME: parse-app-175-bucket\n      CERTIFICATE_URI:
        https://developer.nuwe.co/system/doorkeeper/applications/apns_certificates/000/000/199/original/test.pem?1459936745\n      CERTIFICATE_NAME:
        test.pem\n      BUNDLE_ID: com.Myapp.parse\n      NOTIFICATION_PRODUCTION:
        false\n      GCM_SENDER_ID: test_string\n      GCM_API_KEY: test_string\n      CLOUD_CODE_FILE:
        https://developer.nuwe.co/system/doorkeeper/applications/cloud_code_files/000/000/198/original/cloud.js?1463732859\n      SERVER_URL:
        https://parse.nuwe.co:49163/parse\n      MAILGUN_API_KEY: test_string\n      MAILGUN_DOMAIN:
        test_string\n      MAILGUN_FROM_ADDRESS: test_string\n  parse-193:\n    git_url:
        git@github.com:nuwehq/nuwe-parse-server.git\n    git_branch: master\n    ports:\n    -
        container: 1337\n      https: 49164\n    env_vars:\n      MONGODB_URL: mongodb://_env(MONGODB_ADDRESS_INT):27017/nuwe_parse_193\n      APP_ID:
        36071fc54d690bbc03081b068b1d330c\n      APP_NAME: Nuwe-parse-app\n      MASTER_KEY:
        3d09bfa1fd0768f107540ab8d32bd27d\n      BUCKET_NAME: parse-app-193-bucket\n      CERTIFICATE_URI:
        https://developer.nuwe.co/system/doorkeeper/applications/apns_certificates/000/000/199/original/test.pem?1459936745\n      CERTIFICATE_NAME:
        test.pem\n      BUNDLE_ID: com.Myapp.parse\n      NOTIFICATION_PRODUCTION:
        false\n      GCM_SENDER_ID: test_string\n      GCM_API_KEY: test_string\n      CLOUD_CODE_FILE:
        https://developer.nuwe.co/system/doorkeeper/applications/cloud_code_files/000/000/198/original/cloud.js?1463732859\n      SERVER_URL:
        https://parse.nuwe.co:49164/parse\n      MAILGUN_API_KEY: test_string\n      MAILGUN_DOMAIN:
        test_string\n      MAILGUN_FROM_ADDRESS: test_string\n  parse-198:\n    git_url:
        git@github.com:nuwehq/nuwe-parse-server.git\n    git_branch: master\n    ports:\n    -
        container: 1337\n      https: 49165\n    env_vars:\n      MONGODB_URL: mongodb://_env(MONGODB_ADDRESS_INT):27017/nuwe_parse_198\n      APP_ID:
        282b51663af1895cd273159ff6e147ba\n      APP_NAME: Nuwe-parse-app\n      MASTER_KEY:
        79467937afaecaef045d1195fe97365e\n      BUCKET_NAME: parse-app-198-bucket\n      CERTIFICATE_URI:
        https://developer.nuwe.co/system/doorkeeper/applications/apns_certificates/000/000/198/original/test.pem?1460965162\n      CERTIFICATE_NAME:
        test.pem\n      BUNDLE_ID: com.Myapp.parse\n      NOTIFICATION_PRODUCTION:
        false\n      GCM_SENDER_ID: test_string\n      GCM_API_KEY: test_string\n      CLOUD_CODE_FILE:
        https://developer.nuwe.co/system/doorkeeper/applications/cloud_code_files/000/000/198/original/cloud.js?1463732859\n      SERVER_URL:
        https://parse.nuwe.co:49165/parse\n      MAILGUN_API_KEY: test_string\n      MAILGUN_DOMAIN:
        test_string\n      MAILGUN_FROM_ADDRESS: test_string\n  parse-199:\n    git_url:
        git@github.com:nuwehq/nuwe-parse-server.git\n    git_branch: master\n    ports:\n    -
        container: 1337\n      https: 49166\n    env_vars:\n      MONGODB_URL: mongodb://_env(MONGODB_ADDRESS_INT):27017/nuwe_parse_199\n      APP_ID:
        d6071f7520b8332bca13399161be7413\n      APP_NAME: Nuwe-parse-app\n      MASTER_KEY:
        cbfb0d6e62ee32dcb5d45cbc426d950d\n      BUCKET_NAME: parse-app-199-bucket\n      CERTIFICATE_URI:
        https://developer.nuwe.co/system/doorkeeper/applications/apns_certificates/000/000/199/original/test.pem?1460638124\n      CERTIFICATE_NAME:
        test.pem\n      BUNDLE_ID: com.Myapp.parse\n      NOTIFICATION_PRODUCTION:
        true\n      GCM_SENDER_ID: test_string\n      GCM_API_KEY: test_string\n      CLOUD_CODE_FILE:
        https://developer.nuwe.co/system/doorkeeper/applications/cloud_code_files/000/000/198/original/cloud.js?1463732859\n      SERVER_URL:
        https://parse.nuwe.co:49166/parse\n      MAILGUN_API_KEY: test_string\n      MAILGUN_DOMAIN:
        test_string\n      MAILGUN_FROM_ADDRESS: test_string\n  parse-3:\n    git_url:
        git@github.com:nuwehq/nuwe-parse-server.git\n    git_branch: master\n    ports:\n    -
        container: 1337\n      https: 49167\n    env_vars:\n      MONGODB_URL: mongodb://_env(MONGODB_ADDRESS_INT):27017/nuwe_parse_3\n      APP_ID:
        eb08818735d4bdcf286e073f1d1483fa\n      APP_NAME: Nuwe-parse-app\n      MASTER_KEY:
        b10b84f05e925186c43e9e093a18cc36\n      BUCKET_NAME: parse-app-3-bucket\n      CERTIFICATE_URI:
        https://developer.nuwe.co/system/doorkeeper/applications/apns_certificates/000/000/199/original/test.pem?1459936745\n      CERTIFICATE_NAME:
        test.pem\n      BUNDLE_ID: com.Myapp.parse\n      NOTIFICATION_PRODUCTION:
        false\n      GCM_SENDER_ID: test_string\n      GCM_API_KEY: test_string\n      CLOUD_CODE_FILE:
        https://developer.nuwe.co/system/doorkeeper/applications/cloud_code_files/000/000/003/original/cloudcode.js?1464688296\n      SERVER_URL:
        https://parse.nuwe.co:49167/parse\n      MAILGUN_API_KEY: test_string\n      MAILGUN_DOMAIN:
        test_string\n      MAILGUN_FROM_ADDRESS: test_string\n  parse-203:\n    git_url:
        git@github.com:nuwehq/nuwe-parse-server.git\n    git_branch: master\n    ports:\n    -
        container: 1337\n      https: 49168\n    env_vars:\n      MONGODB_URL: mongodb://_env(MONGODB_ADDRESS_INT):27017/nuwe_parse_203\n      APP_ID:
        47fa7bf67cca2b1fd0ee5284c92625dd\n      APP_NAME: Nuwe-parse-app\n      MASTER_KEY:
        815606fb897ae404874bba3e02fd1b6f\n      BUCKET_NAME: parse-app-203-bucket\n      CERTIFICATE_URI:
        https://developer.nuwe.co/system/doorkeeper/applications/apns_certificates/000/000/199/original/test.pem?1459936745\n      CERTIFICATE_NAME:
        test.pem\n      BUNDLE_ID: com.Myapp.parse\n      NOTIFICATION_PRODUCTION:
        false\n      GCM_SENDER_ID: test_string\n      GCM_API_KEY: test_string\n      CLOUD_CODE_FILE:
        https://developer.nuwe.co/system/doorkeeper/applications/cloud_code_files/000/000/198/original/cloud.js?1463732859\n      SERVER_URL:
        https://parse.nuwe.co:49168/parse\n      MAILGUN_API_KEY: test_string\n      MAILGUN_DOMAIN:
        test_string\n      MAILGUN_FROM_ADDRESS: test_string\n  parse-109:\n    git_url:
        git@github.com:nuwehq/nuwe-parse-server.git\n    git_branch: master\n    ports:\n    -
        container: 1337\n      https: 49169\n    env_vars:\n      MONGODB_URL: mongodb://_env(MONGODB_ADDRESS_INT):27017/nuwe_parse_109\n      APP_ID:
        21ff6a9d9de9985afcca8666ac654215\n      APP_NAME: Nuwe-parse-app\n      MASTER_KEY:
        f8081ecc38a2dea9e23534e9d065e836\n      BUCKET_NAME: parse-app-109-bucket\n      CERTIFICATE_URI:
        https://developer.nuwe.co/system/doorkeeper/applications/apns_certificates/000/000/199/original/test.pem?1459936745\n      CERTIFICATE_NAME:
        test.pem\n      BUNDLE_ID: com.Myapp.parse\n      NOTIFICATION_PRODUCTION:
        false\n      GCM_SENDER_ID: test_string\n      GCM_API_KEY: test_string\n      CLOUD_CODE_FILE:
        https://developer.nuwe.co/system/doorkeeper/applications/cloud_code_files/000/000/109/original/main.js?1464009817\n      SERVER_URL:
        https://parse.nuwe.co:49169/parse\n      MAILGUN_API_KEY: test_string\n      MAILGUN_DOMAIN:
        test_string\n      MAILGUN_FROM_ADDRESS: test_string\n  parse-147:\n    git_url:
        git@github.com:nuwehq/nuwe-parse-server.git\n    git_branch: master\n    ports:\n    -
        container: 1337\n      https: 49170\n    env_vars:\n      MONGODB_URL: mongodb://_env(MONGODB_ADDRESS_INT):27017/nuwe_parse_147\n      APP_ID:
        5ff800596891100120a9406b9fc1e872\n      APP_NAME: Nuwe-parse-app\n      MASTER_KEY:
        bb5a8907e422d15ef4a6c8c6f2546a08\n      BUCKET_NAME: parse-app-147-bucket\n      CERTIFICATE_URI:
        https://developer.nuwe.co/system/doorkeeper/applications/apns_certificates/000/000/199/original/test.pem?1459936745\n      CERTIFICATE_NAME:
        test.pem\n      BUNDLE_ID: com.Myapp.parse\n      NOTIFICATION_PRODUCTION:
        false\n      GCM_SENDER_ID: test_string\n      GCM_API_KEY: test_string\n      CLOUD_CODE_FILE:
        https://developer.nuwe.co/system/doorkeeper/applications/cloud_code_files/000/000/198/original/cloud.js?1463732859\n      SERVER_URL:
        https://parse.nuwe.co:49170/parse\n      MAILGUN_API_KEY: test_string\n      MAILGUN_DOMAIN:
        test_string\n      MAILGUN_FROM_ADDRESS: test_string\n  parse-205:\n    git_url:
        git@github.com:nuwehq/nuwe-parse-server.git\n    git_branch: master\n    ports:\n    -
        container: 1337\n      https: 49171\n    env_vars:\n      MONGODB_URL: mongodb://_env(MONGODB_ADDRESS_INT):27017/nuwe_parse_205\n      APP_ID:
        5fa9c3eb868280bd6819130793867121\n      APP_NAME: Nuwe-parse-app\n      MASTER_KEY:
        d878105a28f18b04d81dc828c21d26d4\n      BUCKET_NAME: parse-app-205-bucket\n      CERTIFICATE_URI:
        https://developer.nuwe.co/system/doorkeeper/applications/apns_certificates/000/000/199/original/test.pem?1459936745\n      CERTIFICATE_NAME:
        test.pem\n      BUNDLE_ID: com.Myapp.parse\n      NOTIFICATION_PRODUCTION:
        false\n      GCM_SENDER_ID: test_string\n      GCM_API_KEY: test_string\n      CLOUD_CODE_FILE:
        https://developer.nuwe.co/system/doorkeeper/applications/cloud_code_files/000/000/205/original/cloudcode.js?1466003579\n      SERVER_URL:
        https://parse.nuwe.co:49171/parse\n      MAILGUN_API_KEY: test_string\n      MAILGUN_DOMAIN:
        test_string\n      MAILGUN_FROM_ADDRESS: test_string\n  parse-208:\n    git_url:
        git@github.com:nuwehq/nuwe-parse-server.git\n    git_branch: master\n    ports:\n    -
        container: 1337\n      https: 49172\n    env_vars:\n      MONGODB_URL: mongodb://_env(MONGODB_ADDRESS_INT):27017/nuwe_parse_208\n      APP_ID:
        6f1234c5e13cf5e88b416e05d38ba546\n      APP_NAME: Nuwe-parse-app\n      MASTER_KEY:
        2ce2af5c27c6326a73e1fdc7108289be\n      BUCKET_NAME: parse-app-208-bucket\n      CERTIFICATE_URI:
        https://developer.nuwe.co/system/doorkeeper/applications/apns_certificates/000/000/199/original/test.pem?1459936745\n      CERTIFICATE_NAME:
        test.pem\n      BUNDLE_ID: com.Myapp.parse\n      NOTIFICATION_PRODUCTION:
        false\n      GCM_SENDER_ID: test_string\n      GCM_API_KEY: test_string\n      CLOUD_CODE_FILE:
        https://developer.nuwe.co/system/doorkeeper/applications/cloud_code_files/000/000/198/original/cloud.js?1463732859\n      SERVER_URL:
        https://parse.nuwe.co:49172/parse\n      MAILGUN_API_KEY: test_string\n      MAILGUN_DOMAIN:
        test_string\n      MAILGUN_FROM_ADDRESS: test_string\n  parse-881:\n    env_vars:\n      CERTIFICATE_URI:
        https://developer.nuwe.co/system/doorkeeper/applications/apns_certificates/000/000/881/original/apns.pem?1466164688\n      CERTIFICATE_NAME:
        apns.pem\n      BUNDLE_ID: com.myCompany.myApp\n      NOTIFICATION_PRODUCTION:
        false\n      GCM_SENDER_ID: test_string\n      GCM_API_KEY: test_string\n      CLOUD_CODE_FILE:
        https://developer.nuwe.co/system/doorkeeper/applications/apns_certificates/000/000/185/original/test.pem?1459765100\ndatabases:\n-
        mongodb\n- redis\n","comments":"Adds parse server parse-881\n"}'
    headers:
      Content-Type:
      - application/json
      Authorization:
      - Bearer 1aa85d2961e6cdddb6cce55e41cf7a3d78e8080ac585ee130f9ac3bf5d44cdd7
  response:
    status:
      code: 200
      message: OK
    headers:
      Access-Control-Allow-Credentials:
      - 'true'
      Access-Control-Allow-Headers:
      - DNT,X-Mx-ReqToken,Keep-Alive,User-Agent,X-Requested-With,If-Modified-Since,Cache-Control,Content-Type
      Access-Control-Allow-Methods:
      - GET
      Access-Control-Allow-Origin:
      - "*"
      Cache-Control:
      - max-age=0, private, must-revalidate
      Content-Type:
      - application/json; charset=utf-8
      Date:
      - Fri, 17 Jun 2016 11:58:07 GMT
      Etag:
      - '"4149dfa0700668f3b25b58e489e80269"'
      Server:
      - nginx
      Status:
      - 200 OK
      X-Content-Type-Options:
      - nosniff
      X-Frame-Options:
      - SAMEORIGIN
      X-Ratelimit-Limit:
      - '3600'
      X-Ratelimit-Remaining:
      - '3586'
      X-Request-Id:
      - 9c070fa6-52f7-4dc1-a99b-144a44e443de
      X-Runtime:
      - '0.211113'
      X-Xss-Protection:
      - 1; mode=block
      Content-Length:
      - '206'
      Connection:
      - keep-alive
    body:
      encoding: UTF-8
      string: '{"response":{"uid":"360dffeb09ece07db5671aa8a5a2c0b5","comments":"Adds
        parse server parse-881\n","changed_by":"tech@nuwe.co","created_at_iso":"2016-06-17T11:58:07Z","updated_at_iso":"2016-06-17T11:58:07Z"}}'
    http_version: 
  recorded_at: Fri, 17 Jun 2016 11:58:11 GMT
- request:
    method: post
    uri: https://app.cloud66.com/api/3/stacks/3b4f442463ed48e92d94b0783f689f81/deployments.json?services%5B%5D=parse-881
    body:
      encoding: UTF-8
      string: ''
    headers:
      Content-Type:
      - application/json
      Authorization:
      - Bearer 1aa85d2961e6cdddb6cce55e41cf7a3d78e8080ac585ee130f9ac3bf5d44cdd7
  response:
    status:
      code: 500
      message: Internal Server Error
    headers:
      Cache-Control:
      - no-cache
      Content-Type:
      - application/json; charset=utf-8
      Date:
      - Fri, 17 Jun 2016 11:58:08 GMT
      Server:
      - nginx
      Status:
      - 500 Internal Server Error
      X-Content-Type-Options:
      - nosniff
      X-Frame-Options:
      - SAMEORIGIN
      X-Ratelimit-Limit:
      - '3600'
      X-Ratelimit-Remaining:
      - '3585'
      X-Request-Id:
      - 70214faa-13af-4f3e-a346-4b376a6da29d
      X-Runtime:
      - '0.233456'
      X-Xss-Protection:
      - 1; mode=block
      Content-Length:
      - '71'
      Connection:
      - keep-alive
    body:
      encoding: UTF-8
      string: '{"error":"system","error_description":"An unknown error has occurred."}'
    http_version: 
  recorded_at: Fri, 17 Jun 2016 11:58:12 GMT
recorded_with: VCR 2.9.3
